[
{"payload":{"source":"localhost","severity":"error","summary":"Subject. Host: localhost","custom_details":{"details":"Observed value 5.000000 within 3.000000 and NaN (2.000000 units below and 4.000000% above predicted 10.000000)","type":"PERIOD_OVER_PERIOD","body":"Body\n with many lines. Host: localhost\n\nGrouped by:\nhost:localhost","tags":{"emitter":"oc","host":"localhost"}},"timestamp":"2019-11-26T09:25:00Z"},"routing_key":"abra-cadabra","event_action":"resolve","dedup_key":"a1a905ef03a4fc3fbbfaea0f51d803cafc68552301b6dcba0cf7e88f73e41f3c","links":[{"text":"OpenTSDB View Details","href":"https://splunk.opentsdb.net/splunk/en-US/app/search/search?q=search+index%3Dcorona-alerts+alert_id%3D0+earliest%3D11%2F26%2F2019%3A09%3A20%3A00UTC+latest%3D11%2F26%2F2019%3A09%3A35%3A00UTC+timeformat%3D%25m%2F%25d%2F%25Y%3A%25H%3A%25M%3A%25S%25Z"},{"text":"OpenTSDB Modify Alert","href":"https://opentsdb.net/a/0/view"}]},
{"payload":{"source":"localhost","severity":"error","summary":"Subject. Host: localhost","custom_details":{"details":"Observed value 5.000000 within 3.000000 and 4.000000 (2.000000 units below and 4.000000% above predicted 10.000000)","type":"PERIOD_OVER_PERIOD","body":"Body\n with many lines. Host: localhost\n\nGrouped by:\nhost:localhost","tags":{"emitter":"oc","host":"localhost"}},"timestamp":"2019-11-26T09:25:00Z"},"routing_key":"abra-cadabra","event_action":"resolve","dedup_key":"a1a905ef03a4fc3fbbfaea0f51d803cafc68552301b6dcba0cf7e88f73e41f3c","links":[{"text":"OpenTSDB View Details","href":"https://splunk.opentsdb.net/splunk/en-US/app/search/search?q=search+index%3Dcorona-alerts+alert_id%3D0+earliest%3D11%2F26%2F2019%3A09%3A20%3A00UTC+latest%3D11%2F26%2F2019%3A09%3A35%3A00UTC+timeformat%3D%25m%2F%25d%2F%25Y%3A%25H%3A%25M%3A%25S%25Z"},{"text":"OpenTSDB Modify Alert","href":"https://opentsdb.net/a/0/view"}]}
]
