[
{"description":"test.namespace: test.application was in the warn state for at least 9 times.","alert_details":{"subtype":null,"type":"health_check"},"signature":"7df7d229ba7b99d2c57858403c5c7ffe","source_id":"property","external_id":"OpenTSDB","manager":"localhost","agent_time":1563908262,"severity":32,"is_nag":false,"runbook_id":"RB111","recovery":false,"dashboard_url":"https://opentsdb.net/a/0/view","subject":"Subject. Host: localhost","body":"Body\n with many lines. Host: localhost","alert_id":0,"state_from":"good","state_to":"warn","tags":{"env":"stage","host":"localhost","owner":"skhegay"},"source":"localhost","type":"","class":"HORIZON","agent":"OTSDB","agent_location":"OpenTSDB"},
{"description":"test.namespace: test.application was in the good state for at least 9 times.","alert_details":{"subtype":null,"type":"health_check"},"signature":"f0d0c94e0e11614e536608be23e913b2","source_id":"property","external_id":"OpenTSDB","manager":"localhost","agent_time":1563908262,"severity":0,"is_nag":false,"runbook_id":"RB111","recovery":true,"dashboard_url":"https://opentsdb.net/a/0/view","subject":"Subject. Host: localhost","body":"Body\n with many lines. Host: localhost","alert_id":0,"state_from":"warn","state_to":"good","tags":{"env":"stage","host":"localhost"},"source":"localhost","type":"","class":"HORIZON","agent":"OTSDB","agent_location":"OpenTSDB"},
{"description":"test.namespace: test.application was in the good state for at least 9 times.","alert_details":{"subtype":null,"type":"health_check"},"signature":"9d7703dcef99f1441a881bd10833142d","source_id":"property","external_id":"OpenTSDB","manager":"localhost","agent_time":1563908262,"severity":0,"is_nag":false,"runbook_id":"RB111","recovery":true,"dashboard_url":"https://opentsdb.net/a/0/view","subject":"Subject. Host: remotehost","body":"Body\n with many lines. Host: remotehost","alert_id":0,"state_from":"bad","state_to":"good","tags":{"env":"prod","host":"remotehost","owner":"chiruvol"},"source":"remotehost","type":"","class":"HORIZON","agent":"OTSDB","agent_location":"OpenTSDB"},
{"description":"test.namespace: test.application was in the bad state for at least 9 times.","alert_details":{"subtype":null,"type":"health_check"},"signature":"5302b50168fa72698f913efe05585cf6","source_id":"property","external_id":"OpenTSDB","manager":"localhost","agent_time":1563908262,"severity":32,"is_nag":false,"runbook_id":"RB111","recovery":false,"dashboard_url":"https://opentsdb.net/a/0/view","subject":"Subject. Host: localhost","body":"Body\n with many lines. Host: localhost","alert_id":0,"state_from":"good","state_to":"bad","tags":{"env":"prod","host":"localhost"},"source":"localhost","type":"","class":"HORIZON","agent":"OTSDB","agent_location":"OpenTSDB"}

]
